<!DOCTYPE html>
<html lang="en">

<head>
    <meta charset="UTF-8">
    <meta http-equiv="X-UA-Compatible" content="IE=edge">
    <meta name="viewport" content="width=device-width, initial-scale=1.0">
    <title>Bruno Andrade</title>
    <style>
        .imgDog {
            width: 200px;
            height: 200px;
        }
    </style>
</head>

<body>
    <h1>Bruno Andrade</h1>
    <nav>
        <a href="../index.html"> Jo√£o Pedro </a>
    </nav>

    <img src="./golden.jpg" alt='dog' class="imgDog" />
</body>

</html>